2026-05-14 13:28:55 - INFO - web - ===== WEB APP STARTED =====
2026-05-14 13:28:55 - INFO - web - Запущен фоновый поток WebSocket обновлений
2026-05-14 13:28:59 - INFO - web - Клиент подключился к WebSocket: xnt5zUF1RGlA-fg8AAAB
2026-05-14 13:28:59 - INFO - web - Клиент xnt5zUF1RGlA-fg8AAAB подписался на обновления статуса
2026-05-14 13:29:10 - INFO - web - Клиент отключился от WebSocket: xnt5zUF1RGlA-fg8AAAB
2026-05-14 13:29:13 - INFO - web - Клиент подключился к WebSocket: 6Wu7MFQ3lq3DQNqsAAAD
2026-05-14 13:29:13 - INFO - web - Клиент 6Wu7MFQ3lq3DQNqsAAAD подписался на обновления статуса
2026-05-14 13:29:23 - INFO - web - Клиент отключился от WebSocket: 6Wu7MFQ3lq3DQNqsAAAD
2026-05-14 13:29:25 - INFO - web - Клиент подключился к WebSocket: 2WXVKUhq3JokQSuXAAAF
2026-05-14 13:29:25 - INFO - web - Клиент 2WXVKUhq3JokQSuXAAAF подписался на обновления статуса
2026-05-14 13:29:32 - INFO - web - Клиент отключился от WebSocket: 2WXVKUhq3JokQSuXAAAF
2026-05-14 13:29:37 - INFO - web - Команда переключения проекта на '3.2CodeRecognition' отправлена в очередь
2026-05-14 13:29:55 - INFO - web - Клиент подключился к WebSocket: B0vH8cvVvBDciT0eAAAH
2026-05-14 13:29:55 - INFO - web - Клиент B0vH8cvVvBDciT0eAAAH подписался на обновления статуса
2026-05-14 13:30:17 - INFO - web - Клиент отключился от WebSocket: B0vH8cvVvBDciT0eAAAH
2026-05-14 13:30:22 - INFO - web - Команда переключения проекта на '2.2ColorCount' отправлена в очередь
2026-05-14 13:30:34 - INFO - web - Команда переключения проекта на '3.2CodeRecognition' отправлена в очередь
2026-05-14 13:30:58 - INFO - web - Клиент подключился к WebSocket: J1huqRTrD2seX0ctAAAJ
2026-05-14 13:30:58 - INFO - web - Клиент J1huqRTrD2seX0ctAAAJ подписался на обновления статуса
2026-05-14 13:32:07 - INFO - web - Клиент отключился от WebSocket: J1huqRTrD2seX0ctAAAJ
2026-05-14 13:32:14 - INFO - web - Команда переключения проекта на '3.4ColorRecognition' отправлена в очередь
2026-05-14 13:32:32 - INFO - web - Клиент подключился к WebSocket: C0Mo28dTyC4wNT7vAAAL
2026-05-14 13:32:32 - INFO - web - Клиент C0Mo28dTyC4wNT7vAAAL подписался на обновления статуса
2026-05-14 13:45:05 - INFO - web - ===== WEB APP STARTED =====
2026-05-14 13:45:06 - INFO - web - Запущен фоновый поток WebSocket обновлений
2026-05-14 13:45:59 - INFO - web - Клиент подключился к WebSocket: hnRYReP_zO36kEv5AAAB
2026-05-14 13:45:59 - INFO - web - Клиент hnRYReP_zO36kEv5AAAB подписался на обновления статуса
2026-05-14 13:54:50 - INFO - web - ===== WEB APP STARTED =====
2026-05-14 13:54:50 - INFO - web - Запущен фоновый поток WebSocket обновлений
2026-05-14 13:54:50 - INFO - web - Клиент подключился к WebSocket: XPSpKsHxIKil-MAnAAAB
2026-05-14 13:54:50 - INFO - web - Клиент XPSpKsHxIKil-MAnAAAB подписался на обновления статуса
2026-05-14 14:05:43 - INFO - web - ===== WEB APP STARTED =====
2026-05-14 14:05:43 - INFO - web - Запущен фоновый поток WebSocket обновлений
2026-05-14 14:05:57 - INFO - web - Клиент подключился к WebSocket: sDdQKfVrR--8WzfHAAAB
2026-05-14 14:05:57 - INFO - web - Клиент sDdQKfVrR--8WzfHAAAB подписался на обновления статуса
2026-05-14 14:06:04 - INFO - web - Клиент отключился от WebSocket: sDdQKfVrR--8WzfHAAAB
2026-05-14 14:19:50 - INFO - web - ===== WEB APP STARTED =====
2026-05-14 14:19:50 - INFO - web - Запущен фоновый поток WebSocket обновлений
2026-05-14 14:20:02 - INFO - web - Клиент подключился к WebSocket: nPZ3Iph6RbWLILqEAAAB
2026-05-14 14:20:02 - INFO - web - Клиент nPZ3Iph6RbWLILqEAAAB подписался на обновления статуса
2026-05-14 14:20:06 - INFO - web - Клиент отключился от WebSocket: nPZ3Iph6RbWLILqEAAAB
2026-05-14 14:20:53 - INFO - web - Клиент подключился к WebSocket: 8eHP1KxKD0jq2MfIAAAD
2026-05-14 14:20:53 - INFO - web - Клиент 8eHP1KxKD0jq2MfIAAAD подписался на обновления статуса
2026-05-14 14:30:52 - INFO - web - ===== WEB APP STARTED =====
2026-05-14 14:30:53 - INFO - web - Запущен фоновый поток WebSocket обновлений
2026-05-14 14:50:17 - INFO - web - ===== WEB APP STARTED =====
2026-05-14 14:50:18 - INFO - web - Запущен фоновый поток WebSocket обновлений
2026-05-14 14:50:25 - INFO - web - Клиент подключился к WebSocket: WQhiANjxSUEO20a2AAAB
2026-05-14 14:50:25 - INFO - web - Клиент WQhiANjxSUEO20a2AAAB подписался на обновления статуса
2026-05-14 14:50:30 - INFO - web - Клиент отключился от WebSocket: WQhiANjxSUEO20a2AAAB
2026-05-14 14:50:33 - INFO - web - Клиент подключился к WebSocket: iMAZDJvU9sfTVd54AAAD
2026-05-14 14:50:33 - INFO - web - Клиент iMAZDJvU9sfTVd54AAAD подписался на обновления статуса
2026-05-14 14:52:07 - INFO - web - Клиент отключился от WebSocket: iMAZDJvU9sfTVd54AAAD
2026-05-14 14:52:18 - INFO - web - Клиент подключился к WebSocket: TO3fKN3Q3NfLrmwwAAAF
2026-05-14 14:52:18 - INFO - web - Клиент TO3fKN3Q3NfLrmwwAAAF подписался на обновления статуса
2026-05-14 14:52:21 - INFO - web - Клиент отключился от WebSocket: TO3fKN3Q3NfLrmwwAAAF
2026-05-14 14:57:21 - INFO - web - ===== WEB APP STARTED =====
2026-05-14 14:57:21 - INFO - web - Запущен фоновый поток WebSocket обновлений
2026-05-14 14:57:35 - INFO - web - Клиент подключился к WebSocket: 0dKhAXf6_y4yR3osAAAB
2026-05-14 14:57:35 - INFO - web - Клиент 0dKhAXf6_y4yR3osAAAB подписался на обновления статуса
2026-05-14 15:01:53 - INFO - web - ===== WEB APP STARTED =====
2026-05-14 15:01:54 - INFO - web - Запущен фоновый поток WebSocket обновлений
2026-05-14 15:01:54 - INFO - web - Клиент подключился к WebSocket: VVmk3lMVsQbPpsu8AAAB
2026-05-14 15:01:54 - INFO - web - Клиент VVmk3lMVsQbPpsu8AAAB подписался на обновления статуса
2026-05-14 15:02:00 - INFO - web - Клиент отключился от WebSocket: VVmk3lMVsQbPpsu8AAAB
2026-05-14 15:02:04 - INFO - web - Клиент подключился к WebSocket: nJuSoKATQ503-gBbAAAD
2026-05-14 15:02:04 - INFO - web - Клиент nJuSoKATQ503-gBbAAAD подписался на обновления статуса
2026-05-14 15:02:20 - INFO - web - Клиент отключился от WebSocket: nJuSoKATQ503-gBbAAAD
